[
  "startDate: Expected format YYYY-MM-DD",
  "endDate: Expected format YYYY-MM-DD"
]